main.c:75:5:main	40	static
main.c:138:6:SystemClock_Config	72	static
main.c:177:13:MX_TIM1_Init	96	static
main.c:252:13:MX_TIM2_Init	32	static
main.c:297:13:MX_TIM4_Init	32	static
main.c:342:13:MX_USART2_UART_Init	8	static
main.c:375:13:MX_GPIO_Init	40	static
main.c:418:6:HAL_GPIO_EXTI_Callback	16	static,ignoring_inline_asm
main.c:425:6:HAL_TIM_PeriodElapsedCallback	16	static
main.c:429:6:HAL_UART_TxCpltCallback	16	static
main.c:433:6:HAL_UART_RxCpltCallback	16	static
main.c:443:6:Error_Handler	4	static,ignoring_inline_asm
