15:06:44 **** Incremental Build of configuration Debug for project ADC ****
make -j8 all 
arm-none-eabi-gcc "../Core/Src/main.c" -mcpu=cortex-m3 -std=gnu11 -g3 -DUSE_HAL_DRIVER -DSTM32F103xB -DDEBUG -c -I../Core/Inc -I../Drivers/STM32F1xx_HAL_Driver/Inc -I../Drivers/STM32F1xx_HAL_Driver/Inc/Legacy -I../Drivers/CMSIS/Device/ST/STM32F1xx/Include -I../Drivers/CMSIS/Include -O0 -ffunction-sections -fdata-sections -Wall -fstack-usage -MMD -MP -MF"Core/Src/main.d" -MT"Core/Src/main.o" --specs=nano.specs -mfloat-abi=soft -mthumb -o "Core/Src/main.o"
arm-none-eabi-gcc -o "ADC.elf" @"objects.list"   -mcpu=cortex-m3 -T"/home/tadashi/STM32CubeIDE/workspace_1.5.1/STM32_mini_testing_project/ADC/STM32F103C8TX_FLASH.ld" --specs=nosys.specs -Wl,-Map="ADC.map" -Wl,--gc-sections -static --specs=nano.specs -mfloat-abi=soft -mthumb -Wl,--start-group -lc -lm -Wl,--end-group
Finished building target: ADC.elf
 
arm-none-eabi-objdump -h -S  ADC.elf  > "ADC.list"
arm-none-eabi-objcopy  -O binary  ADC.elf  "ADC.bin"
arm-none-eabi-size   ADC.elf 
   text	   data	    bss	    dec	    hex	filename
   9584	     20	   3700	  13304	   33f8	ADC.elf
Finished building: default.size.stdout
 
Finished building: ADC.bin
 
Finished building: ADC.list
 

15:06:44 Build Finished. 0 errors, 0 warnings. (took 776ms)

