00:08:53 **** Incremental Build of configuration Debug for project ADC_IN ****
make -j8 all 
arm-none-eabi-gcc "../Core/Src/main.c" -mcpu=cortex-m3 -std=gnu11 -g3 -DUSE_HAL_DRIVER -DSTM32F103xB -DDEBUG -c -I../Core/Inc -I../Drivers/STM32F1xx_HAL_Driver/Inc -I../Drivers/STM32F1xx_HAL_Driver/Inc/Legacy -I../Drivers/CMSIS/Device/ST/STM32F1xx/Include -I../Drivers/CMSIS/Include -O0 -ffunction-sections -fdata-sections -Wall -fstack-usage -MMD -MP -MF"Core/Src/main.d" -MT"Core/Src/main.o" --specs=nano.specs -mfloat-abi=soft -mthumb -o "Core/Src/main.o"
../Core/Src/main.c: In function 'main':
../Core/Src/main.c:131:4: warning: implicit declaration of function 'sprintf' [-Wimplicit-function-declaration]
    sprintf(buffer,"adc1=%02d  adc2= %02d \n",adc_val,adc_val1);
    ^~~~~~~
../Core/Src/main.c:131:4: warning: incompatible implicit declaration of built-in function 'sprintf'
../Core/Src/main.c:131:4: note: include '<stdio.h>' or provide a declaration of 'sprintf'
../Core/Src/main.c:131:28: warning: format '%d' expects argument of type 'int', but argument 3 has type 'uint32_t {aka long unsigned int}' [-Wformat=]
    sprintf(buffer,"adc1=%02d  adc2= %02d \n",adc_val,adc_val1);
                         ~~~^
                         %02ld
../Core/Src/main.c:131:40: warning: format '%d' expects argument of type 'int', but argument 4 has type 'uint32_t {aka long unsigned int}' [-Wformat=]
    sprintf(buffer,"adc1=%02d  adc2= %02d \n",adc_val,adc_val1);
                                     ~~~^
                                     %02ld
../Core/Src/main.c:133:34: warning: pointer targets in passing argument 2 of 'HAL_UART_Transmit_IT' differ in signedness [-Wpointer-sign]
    HAL_UART_Transmit_IT(&huart3, buffer, strlen((char*)buffer));
                                  ^~~~~~
In file included from ../Core/Inc/stm32f1xx_hal_conf.h:337:0,
                 from ../Drivers/STM32F1xx_HAL_Driver/Inc/stm32f1xx_hal.h:30,
                 from ../Core/Inc/main.h:31,
                 from ../Core/Src/main.c:21:
../Drivers/STM32F1xx_HAL_Driver/Inc/stm32f1xx_hal_uart.h:702:19: note: expected 'uint8_t * {aka unsigned char *}' but argument is of type 'char *'
 HAL_StatusTypeDef HAL_UART_Transmit_IT(UART_HandleTypeDef *huart, uint8_t *pData, uint16_t Size);
                   ^~~~~~~~~~~~~~~~~~~~
../Core/Src/main.c:110:9: warning: unused variable 'data' [-Wunused-variable]
 uint8_t data[2000];
         ^~~~
arm-none-eabi-gcc -o "ADC_IN.elf" @"objects.list"   -mcpu=cortex-m3 -T"/home/tadashi/STM32CubeIDE/workspace_1.5.1/STM32_mini_testing_project/ADC_IN/STM32F103C8TX_FLASH.ld" --specs=nosys.specs -Wl,-Map="ADC_IN.map" -Wl,--gc-sections -static --specs=nano.specs -mfloat-abi=soft -mthumb -Wl,--start-group -lc -lm -Wl,--end-group
Finished building target: ADC_IN.elf
 
arm-none-eabi-objdump -h -S  ADC_IN.elf  > "ADC_IN.list"
arm-none-eabi-objcopy  -O binary  ADC_IN.elf  "ADC_IN.bin"
arm-none-eabi-size   ADC_IN.elf 
   text	   data	    bss	    dec	    hex	filename
  14804	    120	   1872	  16796	   419c	ADC_IN.elf
Finished building: default.size.stdout
 
Finished building: ADC_IN.bin
 
Finished building: ADC_IN.list
 

00:08:54 Build Finished. 0 errors, 6 warnings. (took 882ms)

