11:31:44 **** Incremental Build of configuration Debug for project TImer ****
make -j8 all 
arm-none-eabi-gcc "../Core/Src/main.c" -mcpu=cortex-m3 -std=gnu11 -g3 -DUSE_HAL_DRIVER -DSTM32F103xB -DDEBUG -c -I../Core/Inc -I../Drivers/STM32F1xx_HAL_Driver/Inc -I../Drivers/STM32F1xx_HAL_Driver/Inc/Legacy -I../Drivers/CMSIS/Device/ST/STM32F1xx/Include -I../Drivers/CMSIS/Include -O0 -ffunction-sections -fdata-sections -Wall -fstack-usage -MMD -MP -MF"Core/Src/main.d" -MT"Core/Src/main.o" --specs=nano.specs -mfloat-abi=soft -mthumb -o "Core/Src/main.o"
../Core/Src/main.c: In function 'main':
../Core/Src/main.c:111:4: warning: implicit declaration of function 'sprintf' [-Wimplicit-function-declaration]
    sprintf(data,"counter=%d\n",counter);
    ^~~~~~~
../Core/Src/main.c:111:4: warning: incompatible implicit declaration of built-in function 'sprintf'
../Core/Src/main.c:111:4: note: include '<stdio.h>' or provide a declaration of 'sprintf'
../Core/Src/main.c:111:12: warning: passing argument 1 of 'sprintf' from incompatible pointer type [-Wincompatible-pointer-types]
    sprintf(data,"counter=%d\n",counter);
            ^~~~
../Core/Src/main.c:111:12: note: expected 'char *' but argument is of type 'uint16_t * {aka short unsigned int *}'
../Core/Src/main.c:112:31: warning: passing argument 2 of 'HAL_UART_Transmit' from incompatible pointer type [-Wincompatible-pointer-types]
    HAL_UART_Transmit(&huart2, data, sizeof(data), 100);
                               ^~~~
In file included from ../Core/Inc/stm32f1xx_hal_conf.h:337:0,
                 from ../Drivers/STM32F1xx_HAL_Driver/Inc/stm32f1xx_hal.h:30,
                 from ../Core/Inc/main.h:31,
                 from ../Core/Src/main.c:21:
../Drivers/STM32F1xx_HAL_Driver/Inc/stm32f1xx_hal_uart.h:700:19: note: expected 'uint8_t * {aka unsigned char *}' but argument is of type 'uint16_t * {aka short unsigned int *}'
 HAL_StatusTypeDef HAL_UART_Transmit(UART_HandleTypeDef *huart, uint8_t *pData, uint16_t Size, uint32_t Timeout);
                   ^~~~~~~~~~~~~~~~~
../Core/Src/main.c: In function 'HAL_TIM_PeriodElapsedCallback':
../Core/Src/main.c:265:29: warning: passing argument 2 of 'HAL_UART_Transmit' from incompatible pointer type [-Wincompatible-pointer-types]
  HAL_UART_Transmit(&huart2, data, sizeof(data), 100);
                             ^~~~
In file included from ../Core/Inc/stm32f1xx_hal_conf.h:337:0,
                 from ../Drivers/STM32F1xx_HAL_Driver/Inc/stm32f1xx_hal.h:30,
                 from ../Core/Inc/main.h:31,
                 from ../Core/Src/main.c:21:
../Drivers/STM32F1xx_HAL_Driver/Inc/stm32f1xx_hal_uart.h:700:19: note: expected 'uint8_t * {aka unsigned char *}' but argument is of type 'uint16_t * {aka short unsigned int *}'
 HAL_StatusTypeDef HAL_UART_Transmit(UART_HandleTypeDef *huart, uint8_t *pData, uint16_t Size, uint32_t Timeout);
                   ^~~~~~~~~~~~~~~~~
arm-none-eabi-gcc -o "TImer.elf" @"objects.list"   -mcpu=cortex-m3 -T"/home/tadashi/STM32CubeIDE/workspace_1.5.1/STM32_mini_testing_project/TImer/STM32F103C8TX_FLASH.ld" --specs=nosys.specs -Wl,-Map="TImer.map" -Wl,--gc-sections -static --specs=nano.specs -mfloat-abi=soft -mthumb -Wl,--start-group -lc -lm -Wl,--end-group
Finished building target: TImer.elf
 
arm-none-eabi-objdump -h -S  TImer.elf  > "TImer.list"
arm-none-eabi-objcopy  -O binary  TImer.elf  "TImer.bin"
arm-none-eabi-size   TImer.elf 
   text	   data	    bss	    dec	    hex	filename
  11920	    120	   1800	  13840	   3610	TImer.elf
Finished building: default.size.stdout
 
Finished building: TImer.bin
 
Finished building: TImer.list
 
11:31:53 **** Incremental Build of configuration Debug for project TImer ****
make -j8 all 
arm-none-eabi-size   TImer.elf 
   text	   data	    bss	    dec	    hex	filename
  11920	    120	   1800	  13840	   3610	TImer.elf
Finished building: default.size.stdout
 
